
> backend-api@0.0.1 start:dev
> nest start --watch

[2J[3J[H[[90m8:24:08 PM[0m] Starting compilation in watch mode...

[[90m8:25:49 PM[0m] Found 0 errors. Watching for file changes.

node:fs:440
    return binding.readFileUtf8(path, stringToFlags(options.flag));
                   ^

Error: ETIMEDOUT: connection timed out, read
    at Object.readFileSync (node:fs:440:20)
    at defaultLoadImpl (node:internal/modules/cjs/loader:1139:17)
    at loadSource (node:internal/modules/cjs/loader:1788:20)
    at Object..js (node:internal/modules/cjs/loader:1886:44)
    at Module.load (node:internal/modules/cjs/loader:1481:32)
    at Module._load (node:internal/modules/cjs/loader:1300:12)
    at TracingChannel.traceSync (node:diagnostics_channel:328:14)
    at wrapModuleLoad (node:internal/modules/cjs/loader:245:24)
    at Module.require (node:internal/modules/cjs/loader:1504:12)
    at require (node:internal/modules/helpers:152:16) {
  errno: -60,
  code: 'ETIMEDOUT',
  syscall: 'read'
}

Node.js v24.12.0
