
> backend-api@0.0.1 start:dev
> nest start --watch

[2J[3J[H[[90m8:24:08 PM[0m] Starting compilation in watch mode...

[[90m8:25:49 PM[0m] Found 0 errors. Watching for file changes.

node:fs:436
    return binding.readFileUtf8(path, stringToFlags(options.flag));
                   ^

Error: ETIMEDOUT: connection timed out, read
    at Object.readFileSync (node:fs:436:20)
    at defaultLoadImpl (node:internal/modules/cjs/loader:1167:17)
    at loadSource (node:internal/modules/cjs/loader:1855:20)
    at Module._extensions..js (node:internal/modules/cjs/loader:1962:44)
    at Module.load (node:internal/modules/cjs/loader:1552:32)
    at Module._load (node:internal/modules/cjs/loader:1354:12)
    at wrapModuleLoad (node:internal/modules/cjs/loader:255:19)
    at Module.require (node:internal/modules/cjs/loader:1575:12)
    at require (node:internal/modules/helpers:191:16)
    at Object.<anonymous> (/Users/swarajvijaykarle/Desktop/paperfog/PaperForge-Automated-Question-Paper-Generator/apps/backend-api/node_modules/lodash/_Hash.js:1:17) {
  errno: -60,
  code: 'ETIMEDOUT',
  syscall: 'read'
}

Node.js v25.8.1
